// Jest Snapshot v1, https://goo.gl/fbAQLP

exports[`Component : BoardCreatedWelcome Snapshot 1`] = `
<DocumentFragment>
  <div
    class="sc-qZtCU quiCN"
  >
    <h2
      class="sc-pzMyG hXmaiE"
    >
      welcome.created.title
    </h2>
    <div
      class="sc-pHIBf hfxtqR"
    >
      <div>
        welcome.created.about
      </div>
      <div
        class="sc-pQEbo cNjqCi"
        id="link"
      >
        undefined/board/123456
      </div>
      <button
        class="sc-qQYBZ jntorP"
        type="secondary"
      >
        <svg
          aria-hidden="true"
          class="StyledIconBase-ea9ulj-0 jVnGjM sc-pYA-dN kRBtXC"
          fill="currentColor"
          focusable="false"
          viewBox="0 0 448 512"
          xmlns="http://www.w3.org/2000/svg"
        >
          <path
            d="M320 448v40c0 13.255-10.745 24-24 24H24c-13.255 0-24-10.745-24-24V120c0-13.255 10.745-24 24-24h72v296c0 30.879 25.121 56 56 56h168zm0-344V0H152c-13.255 0-24 10.745-24 24v368c0 13.255 10.745 24 24 24h272c13.255 0 24-10.745 24-24V128H344c-13.2 0-24-10.8-24-24zm120.971-31.029L375.029 7.029A24 24 0 00358.059 0H352v96h96v-6.059a24 24 0 00-7.029-16.97z"
            fill="currentColor"
          />
        </svg>
        welcome.created.copy
      </button>
    </div>
    <div
      class="sc-oUcyK cTibrb"
    >
      <button
        class="sc-qQYBZ hUMZgX"
        type="secondary"
      >
        welcome.created.accept
      </button>
    </div>
  </div>
</DocumentFragment>
`;
