// Jest Snapshot v1, https://goo.gl/fbAQLP

exports[`Component : BoardJoinedWelcome Snapshot 1`] = `
<DocumentFragment>
  <div
    class="sc-pzMyG ldbuNe sc-pHIBf jCDJOa"
  >
    <h2
      class="sc-pQEbo ijHEAg"
    >
      welcome.joined.title
    </h2>
    <div
      class="sc-pYA-dN dNVtIA"
    >
      <div>
        welcome.joined.about
      </div>
      <div>
        welcome.joined.chooseUserName
      </div>
      <input
        autocomplete="on"
        class="sc-qZtCU jmxDcL"
        data-testid="input-component"
        maxlength="30"
        name="userName"
        placeholder="welcome.joined.userNamePlaceholder"
        value=""
      />
    </div>
    <div
      class="sc-oUcyK gRJMGp"
    >
      <button
        class="sc-qQYBZ eDYpWi"
        type="secondary"
      >
        welcome.joined.cancel
      </button>
      <button
        class="sc-qQYBZ iOGUEF"
        type="primary"
      >
        welcome.joined.join
      </button>
    </div>
  </div>
</DocumentFragment>
`;
