// Jest Snapshot v1, https://goo.gl/fbAQLP

exports[`Component : NotificationItem Snapshot 1`] = `
<DocumentFragment>
  <div
    class="sc-pscky iSRUFQ"
    data-testid="notificationitem-component"
  >
    notifications.userJoined
  </div>
</DocumentFragment>
`;
