// Jest Snapshot v1, https://goo.gl/fbAQLP

exports[`Component : Spinner Renders correctly 1`] = `
<DocumentFragment>
  <div
    class="sc-pscky ggFmkw"
    data-testid="spinner-component"
  />
</DocumentFragment>
`;
