// Jest Snapshot v1, https://goo.gl/fbAQLP

exports[`Component : ToolOptions Snapshot 1`] = `
<DocumentFragment>
  <div
    class="sc-pscky fwiqed"
  >
    <span />
  </div>
</DocumentFragment>
`;
