// Jest Snapshot v1, https://goo.gl/fbAQLP

exports[`Component : NotificationsList Snapshot 1`] = `
<DocumentFragment>
  <div
    class="sc-qQYBZ jMsjSa"
  >
    <div
      class="sc-pscky hqToYu"
      data-testid="notificationitem-component"
    >
      notifications.userJoined
    </div>
    <div
      class="sc-pscky hqToYu"
      data-testid="notificationitem-component"
    >
      notifications.userJoined
    </div>
    <div
      class="sc-pscky hqToYu"
      data-testid="notificationitem-component"
    >
      notifications.userJoined
    </div>
  </div>
</DocumentFragment>
`;
