// Jest Snapshot v1, https://goo.gl/fbAQLP

exports[`Component : ToolButton Snapshot 1`] = `
<DocumentFragment>
  <div
    class="sc-qQYBZ iGSSSO"
    data-testid="toolbutton-component"
  >
    <span
      class="sc-qZtCU kwFhvv"
    >
      <span />
    </span>
  </div>
</DocumentFragment>
`;
